// Jest Snapshot v1, https://goo.gl/fbAQLP

exports[`NewLink.tsx renders without crashing 1`] = `ShallowWrapper {}`;
