// Jest Snapshot v1, https://goo.gl/fbAQLP

exports[`LinkList.tsx renders without crashing 1`] = `ShallowWrapper {}`;
