// Jest Snapshot v1, https://goo.gl/fbAQLP

exports[`NewLinkForm.tsx renders without crashing 1`] = `ShallowWrapper {}`;
