// Jest Snapshot v1, https://goo.gl/fbAQLP

exports[`Homepage.tsx renders without crashing 1`] = `ShallowWrapper {}`;
